17:01:32 ampere/gpu0 gpt2_p512_o512 1g ready cpuAffinity=2,58 loadSec=1.3116989090340212
17:03:39 ampere/gpu0 gpt2_p64_o64 1g ready cpuAffinity=2,58 loadSec=1.2849906670162454
17:04:03 ampere/gpu0 resnet50_image 1g ready cpuAffinity=2,58 loadSec=0.7562011539703235
17:04:50 ampere/gpu0 vgg16_image 1g ready cpuAffinity=2,58 loadSec=1.5467353399726562
17:05:56 ampere/gpu0 vit_base_image 1g ready cpuAffinity=2,58 loadSec=1.4556584879755974
17:09:35 ampere/gpu0 gpt2_p512_o512 2g ready cpuAffinity=2,58 loadSec=1.323942573973909
17:11:34 ampere/gpu0 gpt2_p64_o64 2g ready cpuAffinity=2,58 loadSec=1.3254764080047607
17:12:06 ampere/gpu0 llama_p1024_o128 2g ready cpuAffinity=2,58 loadSec=6.539236222975887
17:13:55 ampere/gpu0 llama_p2048_o64 2g ready cpuAffinity=2,58 loadSec=6.488623026991263
17:14:56 ampere/gpu0 resnet50_image 2g ready cpuAffinity=2,58 loadSec=0.7593316690181382
17:15:26 ampere/gpu0 vgg16_image 2g ready cpuAffinity=2,58 loadSec=1.5523187539656647
17:16:05 ampere/gpu0 vit_base_image 2g ready cpuAffinity=2,58 loadSec=1.7816495539736934
17:18:05 ampere/gpu0 gpt2_p512_o512 3g ready cpuAffinity=2,58 loadSec=1.326559406996239
17:20:18 ampere/gpu0 gpt2_p64_o64 3g ready cpuAffinity=2,58 loadSec=1.3247410909971222
17:20:50 ampere/gpu0 llama_p1024_o128 3g ready cpuAffinity=2,58 loadSec=6.499185182969086
17:22:05 ampere/gpu0 llama_p2048_o64 3g ready cpuAffinity=2,58 loadSec=6.532675880996976
17:22:57 ampere/gpu0 resnet50_image 3g ready cpuAffinity=2,58 loadSec=0.7644362740102224
17:23:23 ampere/gpu0 vgg16_image 3g ready cpuAffinity=2,58 loadSec=2.0381965650012717
17:23:52 ampere/gpu0 vit_base_image 3g ready cpuAffinity=2,58 loadSec=1.4518985860049725
17:25:13 ampere/gpu0 gpt2_p512_o512 4g ready cpuAffinity=2,58 loadSec=1.3954532759962603
17:27:23 ampere/gpu0 gpt2_p64_o64 4g ready cpuAffinity=2,58 loadSec=1.4274668150465004
17:27:55 ampere/gpu0 llama_p1024_o128 4g ready cpuAffinity=2,58 loadSec=6.572240108973347
17:29:10 ampere/gpu0 llama_p2048_o64 4g ready cpuAffinity=2,58 loadSec=6.508825042983517
17:29:53 ampere/gpu0 resnet50_image 4g ready cpuAffinity=2,58 loadSec=0.7912776800221764
17:30:15 ampere/gpu0 vgg16_image 4g ready cpuAffinity=2,58 loadSec=1.6031121619744226
17:30:41 ampere/gpu0 vit_base_image 4g ready cpuAffinity=2,58 loadSec=1.4228301729890518
17:31:53 ampere/gpu0 gpt2_p512_o512 7g ready cpuAffinity=2,58 loadSec=1.4090317309601232
17:33:54 ampere/gpu0 gpt2_p64_o64 7g ready cpuAffinity=2,58 loadSec=1.4136858470155858
17:34:27 ampere/gpu0 llama_p1024_o128 7g ready cpuAffinity=2,58 loadSec=6.59783854696434
17:35:39 ampere/gpu0 llama_p2048_o64 7g ready cpuAffinity=2,58 loadSec=6.612577293999493
17:36:20 ampere/gpu0 resnet50_image 7g ready cpuAffinity=2,58 loadSec=0.8407029419904575
17:36:39 ampere/gpu0 vgg16_image 7g ready cpuAffinity=2,58 loadSec=1.6080813310109079
17:37:00 ampere/gpu0 vit_base_image 7g ready cpuAffinity=2,58 loadSec=1.48587731202133
17:37:40 done ampere/gpu0
17:37:59 ampere/gpu1 gpt2_p512_o512 1g ready cpuAffinity=18,74 loadSec=1.304755803954322
17:40:05 ampere/gpu1 gpt2_p64_o64 1g ready cpuAffinity=18,74 loadSec=1.3218263210146688
17:40:42 ampere/gpu1 resnet50_image 1g ready cpuAffinity=18,74 loadSec=0.75682550604688
17:41:28 ampere/gpu1 vgg16_image 1g ready cpuAffinity=18,74 loadSec=1.5488773069810122
17:42:44 ampere/gpu1 vit_base_image 1g ready cpuAffinity=18,74 loadSec=1.4480980159714818
17:46:18 ampere/gpu1 gpt2_p512_o512 2g ready cpuAffinity=18,74 loadSec=1.3633433139766566
17:48:18 ampere/gpu1 gpt2_p64_o64 2g ready cpuAffinity=18,74 loadSec=1.3572338069789112
17:48:50 ampere/gpu1 llama_p1024_o128 2g ready cpuAffinity=18,74 loadSec=6.501793224015273
17:50:39 ampere/gpu1 llama_p2048_o64 2g ready cpuAffinity=18,74 loadSec=6.4931827910477296
17:51:40 ampere/gpu1 resnet50_image 2g ready cpuAffinity=18,74 loadSec=0.7623739929986186
17:52:10 ampere/gpu1 vgg16_image 2g ready cpuAffinity=18,74 loadSec=1.538060694001615
17:52:49 ampere/gpu1 vit_base_image 2g ready cpuAffinity=18,74 loadSec=1.4145758170052432
17:54:49 ampere/gpu1 gpt2_p512_o512 3g ready cpuAffinity=18,74 loadSec=1.4156027649878524
17:56:48 ampere/gpu1 gpt2_p64_o64 3g ready cpuAffinity=18,74 loadSec=1.325973097991664
17:57:21 ampere/gpu1 llama_p1024_o128 3g ready cpuAffinity=18,74 loadSec=6.500493744038977
17:58:35 ampere/gpu1 llama_p2048_o64 3g ready cpuAffinity=18,74 loadSec=6.591437019989826
17:59:19 ampere/gpu1 resnet50_image 3g ready cpuAffinity=18,74 loadSec=0.791762436972931
17:59:42 ampere/gpu1 vgg16_image 3g ready cpuAffinity=18,74 loadSec=1.5902831759885885
18:00:11 ampere/gpu1 vit_base_image 3g ready cpuAffinity=18,74 loadSec=1.423176602984313
18:01:34 ampere/gpu1 gpt2_p512_o512 4g ready cpuAffinity=18,74 loadSec=1.3710086189676076
18:03:37 ampere/gpu1 gpt2_p64_o64 4g ready cpuAffinity=18,74 loadSec=1.4204951099818572
18:04:09 ampere/gpu1 llama_p1024_o128 4g ready cpuAffinity=18,74 loadSec=6.493061992980074
18:05:24 ampere/gpu1 llama_p2048_o64 4g ready cpuAffinity=18,74 loadSec=6.4995324880001135
18:06:07 ampere/gpu1 resnet50_image 4g ready cpuAffinity=18,74 loadSec=0.7844072079751641
18:06:29 ampere/gpu1 vgg16_image 4g ready cpuAffinity=18,74 loadSec=1.9461271590553224
18:06:55 ampere/gpu1 vit_base_image 4g ready cpuAffinity=18,74 loadSec=1.43187227495946
18:08:05 ampere/gpu1 gpt2_p512_o512 7g ready cpuAffinity=18,74 loadSec=1.4308036919683218
18:10:09 ampere/gpu1 gpt2_p64_o64 7g ready cpuAffinity=18,74 loadSec=1.417316152015701
18:10:41 ampere/gpu1 llama_p1024_o128 7g ready cpuAffinity=18,74 loadSec=6.582818694005255
18:12:03 ampere/gpu1 llama_p2048_o64 7g ready cpuAffinity=18,74 loadSec=6.589770931983367
18:12:45 ampere/gpu1 resnet50_image 7g ready cpuAffinity=18,74 loadSec=0.8456630419823341
18:13:03 ampere/gpu1 vgg16_image 7g ready cpuAffinity=18,74 loadSec=1.659936240001116
18:13:25 ampere/gpu1 vit_base_image 7g ready cpuAffinity=18,74 loadSec=1.4435840210062452
18:14:05 done ampere/gpu1
