17:01:30 rtx1-worker/gpu0 gpt2_p512_o512 1g ready cpuAffinity=2,34 loadSec=1.616751210007351
17:03:43 rtx1-worker/gpu0 gpt2_p64_o64 1g ready cpuAffinity=2,34 loadSec=1.6020258589996956
17:04:07 rtx1-worker/gpu0 resnet50_image 1g ready cpuAffinity=2,34 loadSec=0.853443521016743
17:04:53 rtx1-worker/gpu0 vgg16_image 1g ready cpuAffinity=2,34 loadSec=1.7080897759879008
17:05:58 rtx1-worker/gpu0 vit_base_image 1g ready cpuAffinity=2,34 loadSec=1.569729748996906
17:09:36 rtx1-worker/gpu0 gpt2_p512_o512 2g ready cpuAffinity=2,34 loadSec=1.6316023389808834
17:11:42 rtx1-worker/gpu0 gpt2_p64_o64 2g ready cpuAffinity=2,34 loadSec=1.6116767170024104
17:12:14 rtx1-worker/gpu0 llama_p1024_o128 2g ready cpuAffinity=2,34 loadSec=7.0152702939813025
17:13:52 rtx1-worker/gpu0 llama_p2048_o64 2g ready cpuAffinity=2,34 loadSec=6.95350223800051
17:14:52 rtx1-worker/gpu0 resnet50_image 2g ready cpuAffinity=2,34 loadSec=0.8262283990043215
17:15:21 rtx1-worker/gpu0 vgg16_image 2g ready cpuAffinity=2,34 loadSec=1.7263145850156434
17:15:59 rtx1-worker/gpu0 vit_base_image 2g ready cpuAffinity=2,34 loadSec=1.5711839660070837
17:18:06 rtx1-worker/gpu0 gpt2_p512_o512 3g ready cpuAffinity=2,34 loadSec=1.6297411730047315
17:20:18 rtx1-worker/gpu0 gpt2_p64_o64 3g ready cpuAffinity=2,34 loadSec=1.6338540639844723
17:20:50 rtx1-worker/gpu0 llama_p1024_o128 3g ready cpuAffinity=2,34 loadSec=6.965784208994592
17:22:07 rtx1-worker/gpu0 llama_p2048_o64 3g ready cpuAffinity=2,34 loadSec=7.00070801700349
17:22:50 rtx1-worker/gpu0 resnet50_image 3g ready cpuAffinity=2,34 loadSec=0.8710949849919416
17:23:12 rtx1-worker/gpu0 vgg16_image 3g ready cpuAffinity=2,34 loadSec=1.728834563982673
17:23:50 rtx1-worker/gpu0 vit_base_image 3g ready cpuAffinity=2,34 loadSec=1.5570642950187903
17:25:10 rtx1-worker/gpu0 gpt2_p512_o512 4g ready cpuAffinity=2,34 loadSec=1.6544419999991078
17:27:21 rtx1-worker/gpu0 gpt2_p64_o64 4g ready cpuAffinity=2,34 loadSec=1.6411920269893017
17:27:53 rtx1-worker/gpu0 llama_p1024_o128 4g ready cpuAffinity=2,34 loadSec=7.031156452983851
17:29:15 rtx1-worker/gpu0 llama_p2048_o64 4g ready cpuAffinity=2,34 loadSec=7.01551647100132
17:29:59 rtx1-worker/gpu0 resnet50_image 4g ready cpuAffinity=2,34 loadSec=0.8822645529871807
17:30:20 rtx1-worker/gpu0 vgg16_image 4g ready cpuAffinity=2,34 loadSec=1.7561751790053677
17:30:45 rtx1-worker/gpu0 vit_base_image 4g ready cpuAffinity=2,34 loadSec=1.5377011010132264
17:31:52 rtx1-worker/gpu0 gpt2_p512_o512 7g ready cpuAffinity=2,34 loadSec=1.7558867710176855
17:34:04 rtx1-worker/gpu0 gpt2_p64_o64 7g ready cpuAffinity=2,34 loadSec=1.7309236480214167
17:34:37 rtx1-worker/gpu0 llama_p1024_o128 7g ready cpuAffinity=2,34 loadSec=7.079340780008351
17:35:53 rtx1-worker/gpu0 llama_p2048_o64 7g ready cpuAffinity=2,34 loadSec=7.029182177007897
17:36:35 rtx1-worker/gpu0 resnet50_image 7g ready cpuAffinity=2,34 loadSec=0.9247171790048014
17:36:53 rtx1-worker/gpu0 vgg16_image 7g ready cpuAffinity=2,34 loadSec=1.8026773169985972
17:37:13 rtx1-worker/gpu0 vit_base_image 7g ready cpuAffinity=2,34 loadSec=1.5925111759861466
17:37:50 done rtx1-worker/gpu0
