02:35:44 ampere/gpu0 gpt2_p512_o512 1g ready cpuAffinity=2,58 loadSec=1.3059109399910085
02:36:54 ampere/gpu0 gpt2_p64_o64 1g ready cpuAffinity=2,58 loadSec=1.2613598569878377
02:37:14 ampere/gpu0 resnet50_image 1g ready cpuAffinity=2,58 loadSec=0.7370516179944389
02:37:39 ampere/gpu0 vgg16_image 1g ready cpuAffinity=2,58 loadSec=1.520278382988181
02:38:00 ampere/gpu0 vit_base_image 1g ready cpuAffinity=2,58 loadSec=1.440845700999489
02:38:38 ampere/gpu0 gpt2_p512_o512 2g ready cpuAffinity=2,58 loadSec=1.3326364719832782
02:39:47 ampere/gpu0 gpt2_p64_o64 2g ready cpuAffinity=2,58 loadSec=1.3223024560138583
02:40:12 ampere/gpu0 llama_p1024_o128 2g ready cpuAffinity=2,58 loadSec=6.542611078999471
02:41:06 ampere/gpu0 resnet50_image 2g ready cpuAffinity=2,58 loadSec=0.7278625430190004
02:41:43 ampere/gpu0 vgg16_image 2g ready cpuAffinity=2,58 loadSec=1.782485881994944
02:42:04 ampere/gpu0 vit_base_image 2g ready cpuAffinity=2,58 loadSec=1.4782076150004286
02:42:54 ampere/gpu0 gpt2_p512_o512 3g ready cpuAffinity=2,58 loadSec=1.345742983976379
02:44:01 ampere/gpu0 gpt2_p64_o64 3g ready cpuAffinity=2,58 loadSec=1.3400218510068953
02:44:27 ampere/gpu0 llama_p1024_o128 3g ready cpuAffinity=2,58 loadSec=6.497775448980974
02:45:15 ampere/gpu0 llama_p2048_o64 3g ready cpuAffinity=2,58 loadSec=6.487226208002539
02:45:56 ampere/gpu0 resnet50_image 3g ready cpuAffinity=2,58 loadSec=0.7753481019753963
02:46:19 ampere/gpu0 vgg16_image 3g ready cpuAffinity=2,58 loadSec=1.5392559610190801
02:46:43 ampere/gpu0 vit_base_image 3g ready cpuAffinity=2,58 loadSec=1.4182083680061623
02:47:14 ampere/gpu0 gpt2_p512_o512 4g ready cpuAffinity=2,58 loadSec=1.381128576991614
02:48:22 ampere/gpu0 gpt2_p64_o64 4g ready cpuAffinity=2,58 loadSec=1.358919372985838
02:48:48 ampere/gpu0 llama_p1024_o128 4g ready cpuAffinity=2,58 loadSec=6.5462114730034955
02:49:36 ampere/gpu0 llama_p2048_o64 4g ready cpuAffinity=2,58 loadSec=6.554403707996244
02:50:06 ampere/gpu0 resnet50_image 4g ready cpuAffinity=2,58 loadSec=0.81036777299596
02:50:28 ampere/gpu0 vgg16_image 4g ready cpuAffinity=2,58 loadSec=1.5959901519818231
02:50:51 ampere/gpu0 vit_base_image 4g ready cpuAffinity=2,58 loadSec=1.4438543530122843
02:51:44 ampere/gpu0 gpt2_p512_o512 7g ready cpuAffinity=2,58 loadSec=1.4296804080076981
02:52:54 ampere/gpu0 gpt2_p64_o64 7g ready cpuAffinity=2,58 loadSec=1.6366447749896906
02:53:20 ampere/gpu0 llama_p1024_o128 7g ready cpuAffinity=2,58 loadSec=6.610795528016752
02:54:07 ampere/gpu0 llama_p2048_o64 7g ready cpuAffinity=2,58 loadSec=6.619249493000098
02:54:35 ampere/gpu0 resnet50_image 7g ready cpuAffinity=2,58 loadSec=0.8394033840158954
02:55:07 ampere/gpu0 vgg16_image 7g ready cpuAffinity=2,58 loadSec=1.6245555079949554
02:55:38 ampere/gpu0 vit_base_image 7g ready cpuAffinity=2,58 loadSec=1.4774128540011588
02:56:03 done ampere/gpu0
02:56:18 ampere/gpu1 gpt2_p512_o512 1g ready cpuAffinity=18,74 loadSec=1.2886145779921208
02:57:28 ampere/gpu1 gpt2_p64_o64 1g ready cpuAffinity=18,74 loadSec=1.300833565008361
02:57:48 ampere/gpu1 resnet50_image 1g ready cpuAffinity=18,74 loadSec=0.7163416039838921
02:58:13 ampere/gpu1 vgg16_image 1g ready cpuAffinity=18,74 loadSec=1.5149052689957898
02:58:33 ampere/gpu1 vit_base_image 1g ready cpuAffinity=18,74 loadSec=1.4542135520023294
02:59:12 ampere/gpu1 gpt2_p512_o512 2g ready cpuAffinity=18,74 loadSec=1.3553451710031368
03:00:19 ampere/gpu1 gpt2_p64_o64 2g ready cpuAffinity=18,74 loadSec=1.3174866230110638
03:00:44 ampere/gpu1 llama_p1024_o128 2g ready cpuAffinity=18,74 loadSec=6.552496185991913
03:01:40 ampere/gpu1 resnet50_image 2g ready cpuAffinity=18,74 loadSec=0.7344584090169519
03:02:06 ampere/gpu1 vgg16_image 2g ready cpuAffinity=18,74 loadSec=1.5244224150083028
03:02:27 ampere/gpu1 vit_base_image 2g ready cpuAffinity=18,74 loadSec=1.4236069199978374
03:03:20 ampere/gpu1 gpt2_p512_o512 3g ready cpuAffinity=18,74 loadSec=1.3384585469902959
03:04:29 ampere/gpu1 gpt2_p64_o64 3g ready cpuAffinity=18,74 loadSec=1.337324840016663
03:05:06 ampere/gpu1 llama_p1024_o128 3g ready cpuAffinity=18,74 loadSec=6.5293192679819185
03:05:55 ampere/gpu1 llama_p2048_o64 3g ready cpuAffinity=18,74 loadSec=6.448405025003012
03:06:24 ampere/gpu1 resnet50_image 3g ready cpuAffinity=18,74 loadSec=0.761268840986304
03:06:47 ampere/gpu1 vgg16_image 3g ready cpuAffinity=18,74 loadSec=1.519139076990541
03:07:21 ampere/gpu1 vit_base_image 3g ready cpuAffinity=18,74 loadSec=1.4049237980216276
03:07:53 ampere/gpu1 gpt2_p512_o512 4g ready cpuAffinity=18,74 loadSec=1.3600638909847476
03:09:04 ampere/gpu1 gpt2_p64_o64 4g ready cpuAffinity=18,74 loadSec=1.328009150980506
03:09:30 ampere/gpu1 llama_p1024_o128 4g ready cpuAffinity=18,74 loadSec=6.52306550098001
03:10:18 ampere/gpu1 llama_p2048_o64 4g ready cpuAffinity=18,74 loadSec=6.495727720990544
03:10:48 ampere/gpu1 resnet50_image 4g ready cpuAffinity=18,74 loadSec=0.8658190599817317
03:11:10 ampere/gpu1 vgg16_image 4g ready cpuAffinity=18,74 loadSec=1.7392582909960765
03:11:32 ampere/gpu1 vit_base_image 4g ready cpuAffinity=18,74 loadSec=1.4145593039866071
03:12:20 ampere/gpu1 gpt2_p512_o512 7g ready cpuAffinity=18,74 loadSec=1.417940075014485
03:13:28 ampere/gpu1 gpt2_p64_o64 7g ready cpuAffinity=18,74 loadSec=1.4302992720040493
03:13:53 ampere/gpu1 llama_p1024_o128 7g ready cpuAffinity=18,74 loadSec=6.609862534998683
03:14:40 ampere/gpu1 llama_p2048_o64 7g ready cpuAffinity=18,74 loadSec=6.538132674002554
03:15:09 ampere/gpu1 resnet50_image 7g ready cpuAffinity=18,74 loadSec=0.8519488919992
03:15:30 ampere/gpu1 vgg16_image 7g ready cpuAffinity=18,74 loadSec=1.7089656009920873
03:15:50 ampere/gpu1 vit_base_image 7g ready cpuAffinity=18,74 loadSec=1.4519168740080204
03:16:16 done ampere/gpu1
ampere exit=0
