12:51:29 ampere/gpu0 gpt2_p512_o512 1g ready cpuAffinity=2,58 loadSec=1.3162783620064147
12:52:43 ampere/gpu0 gpt2_p64_o64 1g ready cpuAffinity=2,58 loadSec=1.3442096990183927
12:53:05 ampere/gpu0 resnet50_image 1g ready cpuAffinity=2,58 loadSec=0.7603868040023372
12:53:38 ampere/gpu0 vgg16_image 1g ready cpuAffinity=2,58 loadSec=1.5552377459825948
12:54:21 ampere/gpu0 vit_base_image 1g ready cpuAffinity=2,58 loadSec=1.4792875740095042
12:56:32 ampere/gpu0 gpt2_p512_o512 2g ready cpuAffinity=2,58 loadSec=1.355304517026525
12:57:54 ampere/gpu0 gpt2_p64_o64 2g ready cpuAffinity=2,58 loadSec=1.3495519499992952
12:58:22 ampere/gpu0 llama_p1024_o128 2g ready cpuAffinity=2,58 loadSec=6.523214115994051
12:59:27 ampere/gpu0 llama_p2048_o64 2g ready cpuAffinity=2,58 loadSec=6.5119682810036466
13:00:09 ampere/gpu0 resnet50_image 2g ready cpuAffinity=2,58 loadSec=0.7506336299702525
13:00:33 ampere/gpu0 vgg16_image 2g ready cpuAffinity=2,58 loadSec=1.580122428946197
13:01:02 ampere/gpu0 vit_base_image 2g ready cpuAffinity=2,58 loadSec=1.451229187019635
13:02:21 ampere/gpu0 gpt2_p512_o512 3g ready cpuAffinity=2,58 loadSec=1.3362401179620065
13:03:33 ampere/gpu0 gpt2_p64_o64 3g ready cpuAffinity=2,58 loadSec=1.4256775900139473
13:04:02 ampere/gpu0 llama_p1024_o128 3g ready cpuAffinity=2,58 loadSec=6.532687779981643
13:04:52 ampere/gpu0 llama_p2048_o64 3g ready cpuAffinity=2,58 loadSec=6.543259696976747
13:05:34 ampere/gpu0 resnet50_image 3g ready cpuAffinity=2,58 loadSec=0.8102593469666317
13:05:55 ampere/gpu0 vgg16_image 3g ready cpuAffinity=2,58 loadSec=1.5421699549769983
13:06:19 ampere/gpu0 vit_base_image 3g ready cpuAffinity=2,58 loadSec=1.4492926290258765
13:07:13 ampere/gpu0 gpt2_p512_o512 4g ready cpuAffinity=2,58 loadSec=1.3710788509924896
13:08:27 ampere/gpu0 gpt2_p64_o64 4g ready cpuAffinity=2,58 loadSec=1.4487453400506638
13:08:56 ampere/gpu0 llama_p1024_o128 4g ready cpuAffinity=2,58 loadSec=6.5073183760396205
13:09:46 ampere/gpu0 llama_p2048_o64 4g ready cpuAffinity=2,58 loadSec=6.560695640044287
13:10:15 ampere/gpu0 resnet50_image 4g ready cpuAffinity=2,58 loadSec=0.7942971209995449
13:10:35 ampere/gpu0 vgg16_image 4g ready cpuAffinity=2,58 loadSec=1.5900870900368318
13:10:57 ampere/gpu0 vit_base_image 4g ready cpuAffinity=2,58 loadSec=1.408222964964807
13:11:45 ampere/gpu0 gpt2_p512_o512 7g ready cpuAffinity=2,58 loadSec=1.449927861976903
13:12:59 ampere/gpu0 gpt2_p64_o64 7g ready cpuAffinity=2,58 loadSec=1.4056508450303227
13:13:27 ampere/gpu0 llama_p1024_o128 7g ready cpuAffinity=2,58 loadSec=6.584276453999337
13:14:17 ampere/gpu0 llama_p2048_o64 7g ready cpuAffinity=2,58 loadSec=6.598540111037437
13:14:55 ampere/gpu0 resnet50_image 7g ready cpuAffinity=2,58 loadSec=0.8328920080093667
13:15:13 ampere/gpu0 vgg16_image 7g ready cpuAffinity=2,58 loadSec=1.6437269499874674
13:15:33 ampere/gpu0 vit_base_image 7g ready cpuAffinity=2,58 loadSec=1.498557195009198
13:15:57 done ampere/gpu0
13:16:19 ampere/gpu1 gpt2_p512_o512 1g ready cpuAffinity=18,74 loadSec=1.3077183209825307
13:17:33 ampere/gpu1 gpt2_p64_o64 1g ready cpuAffinity=18,74 loadSec=1.3077363690244965
13:17:55 ampere/gpu1 resnet50_image 1g ready cpuAffinity=18,74 loadSec=0.7401642659679055
13:18:28 ampere/gpu1 vgg16_image 1g ready cpuAffinity=18,74 loadSec=1.5526532589574344
13:19:20 ampere/gpu1 vit_base_image 1g ready cpuAffinity=18,74 loadSec=1.4794143780018203
13:21:35 ampere/gpu1 gpt2_p512_o512 2g ready cpuAffinity=18,74 loadSec=1.3437246790272184
13:22:59 ampere/gpu1 gpt2_p64_o64 2g ready cpuAffinity=18,74 loadSec=1.309198334987741
13:23:26 ampere/gpu1 llama_p1024_o128 2g ready cpuAffinity=18,74 loadSec=6.488317017967347
13:24:29 ampere/gpu1 llama_p2048_o64 2g ready cpuAffinity=18,74 loadSec=6.524406773969531
13:25:08 ampere/gpu1 resnet50_image 2g ready cpuAffinity=18,74 loadSec=0.7536229339893907
13:25:32 ampere/gpu1 vgg16_image 2g ready cpuAffinity=18,74 loadSec=1.5411984270322137
13:26:03 ampere/gpu1 vit_base_image 2g ready cpuAffinity=18,74 loadSec=1.4215091509977356
13:27:24 ampere/gpu1 gpt2_p512_o512 3g ready cpuAffinity=18,74 loadSec=1.4115998590132222
13:28:37 ampere/gpu1 gpt2_p64_o64 3g ready cpuAffinity=18,74 loadSec=1.4237642490188591
13:29:05 ampere/gpu1 llama_p1024_o128 3g ready cpuAffinity=18,74 loadSec=6.522756115999073
13:29:56 ampere/gpu1 llama_p2048_o64 3g ready cpuAffinity=18,74 loadSec=6.4604075870011
13:30:27 ampere/gpu1 resnet50_image 3g ready cpuAffinity=18,74 loadSec=0.7873473379877396
13:30:47 ampere/gpu1 vgg16_image 3g ready cpuAffinity=18,74 loadSec=1.5786171189974993
13:31:10 ampere/gpu1 vit_base_image 3g ready cpuAffinity=18,74 loadSec=1.438712629955262
13:32:02 ampere/gpu1 gpt2_p512_o512 4g ready cpuAffinity=18,74 loadSec=1.4345629430026747
13:33:17 ampere/gpu1 gpt2_p64_o64 4g ready cpuAffinity=18,74 loadSec=1.3588949940167367
13:33:45 ampere/gpu1 llama_p1024_o128 4g ready cpuAffinity=18,74 loadSec=6.564595170028042
13:34:35 ampere/gpu1 llama_p2048_o64 4g ready cpuAffinity=18,74 loadSec=6.559082635038067
13:35:06 ampere/gpu1 resnet50_image 4g ready cpuAffinity=18,74 loadSec=0.7973027450498194
13:35:26 ampere/gpu1 vgg16_image 4g ready cpuAffinity=18,74 loadSec=1.574672824004665
13:35:48 ampere/gpu1 vit_base_image 4g ready cpuAffinity=18,74 loadSec=1.4258696180186234
13:36:36 ampere/gpu1 gpt2_p512_o512 7g ready cpuAffinity=18,74 loadSec=1.4985192010062747
13:37:48 ampere/gpu1 gpt2_p64_o64 7g ready cpuAffinity=18,74 loadSec=1.4318425200181082
13:38:16 ampere/gpu1 llama_p1024_o128 7g ready cpuAffinity=18,74 loadSec=6.554013437998947
13:39:06 ampere/gpu1 llama_p2048_o64 7g ready cpuAffinity=18,74 loadSec=6.597686873981729
13:39:36 ampere/gpu1 resnet50_image 7g ready cpuAffinity=18,74 loadSec=0.877415226015728
13:39:54 ampere/gpu1 vgg16_image 7g ready cpuAffinity=18,74 loadSec=1.6329468509647995
13:40:14 ampere/gpu1 vit_base_image 7g ready cpuAffinity=18,74 loadSec=1.5120107879629359
13:40:38 done ampere/gpu1
