12:51:24 rtx1-worker/gpu0 gpt2_p512_o512 1g ready cpuAffinity=2,34 loadSec=1.6449174259905703
12:52:44 rtx1-worker/gpu0 gpt2_p64_o64 1g ready cpuAffinity=2,34 loadSec=1.5733918960031588
12:53:16 rtx1-worker/gpu0 resnet50_image 1g ready cpuAffinity=2,34 loadSec=0.8116447910142597
12:53:49 rtx1-worker/gpu0 vgg16_image 1g ready cpuAffinity=2,34 loadSec=1.7219945979886688
12:54:32 rtx1-worker/gpu0 vit_base_image 1g ready cpuAffinity=2,34 loadSec=1.5513731079990976
12:56:42 rtx1-worker/gpu0 gpt2_p512_o512 2g ready cpuAffinity=2,34 loadSec=1.599312923004618
12:57:59 rtx1-worker/gpu0 gpt2_p64_o64 2g ready cpuAffinity=2,34 loadSec=1.676268548995722
12:58:26 rtx1-worker/gpu0 llama_p1024_o128 2g ready cpuAffinity=2,34 loadSec=6.985116038995329
12:59:32 rtx1-worker/gpu0 llama_p2048_o64 2g ready cpuAffinity=2,34 loadSec=6.969322151009692
13:00:10 rtx1-worker/gpu0 resnet50_image 2g ready cpuAffinity=2,34 loadSec=0.8599781749944668
13:00:33 rtx1-worker/gpu0 vgg16_image 2g ready cpuAffinity=2,34 loadSec=1.7352168570214417
13:01:01 rtx1-worker/gpu0 vit_base_image 2g ready cpuAffinity=2,34 loadSec=1.5488952290033922
13:02:17 rtx1-worker/gpu0 gpt2_p512_o512 3g ready cpuAffinity=2,34 loadSec=1.6266559530049562
13:03:34 rtx1-worker/gpu0 gpt2_p64_o64 3g ready cpuAffinity=2,34 loadSec=1.6321425960049964
13:04:01 rtx1-worker/gpu0 llama_p1024_o128 3g ready cpuAffinity=2,34 loadSec=6.983172765991185
13:04:52 rtx1-worker/gpu0 llama_p2048_o64 3g ready cpuAffinity=2,34 loadSec=6.9711426490102895
13:05:21 rtx1-worker/gpu0 resnet50_image 3g ready cpuAffinity=2,34 loadSec=0.8565609430079348
13:05:50 rtx1-worker/gpu0 vgg16_image 3g ready cpuAffinity=2,34 loadSec=1.7137462490063626
13:06:13 rtx1-worker/gpu0 vit_base_image 3g ready cpuAffinity=2,34 loadSec=1.5537596280046273
13:07:05 rtx1-worker/gpu0 gpt2_p512_o512 4g ready cpuAffinity=2,34 loadSec=1.6953242429881357
13:08:23 rtx1-worker/gpu0 gpt2_p64_o64 4g ready cpuAffinity=2,34 loadSec=1.6563293969957158
13:09:02 rtx1-worker/gpu0 llama_p1024_o128 4g ready cpuAffinity=2,34 loadSec=7.019076709024375
13:09:54 rtx1-worker/gpu0 llama_p2048_o64 4g ready cpuAffinity=2,34 loadSec=6.99312939599622
13:10:23 rtx1-worker/gpu0 resnet50_image 4g ready cpuAffinity=2,34 loadSec=0.8751019659976009
13:10:42 rtx1-worker/gpu0 vgg16_image 4g ready cpuAffinity=2,34 loadSec=1.7375656809890643
13:11:03 rtx1-worker/gpu0 vit_base_image 4g ready cpuAffinity=2,34 loadSec=1.5393998780054972
13:11:49 rtx1-worker/gpu0 gpt2_p512_o512 7g ready cpuAffinity=2,34 loadSec=1.7251497720135376
13:13:07 rtx1-worker/gpu0 gpt2_p64_o64 7g ready cpuAffinity=2,34 loadSec=1.7337684799858835
13:13:35 rtx1-worker/gpu0 llama_p1024_o128 7g ready cpuAffinity=2,34 loadSec=7.006957872014027
13:14:25 rtx1-worker/gpu0 llama_p2048_o64 7g ready cpuAffinity=2,34 loadSec=7.022943925985601
13:14:52 rtx1-worker/gpu0 resnet50_image 7g ready cpuAffinity=2,34 loadSec=0.9355559899995569
13:15:10 rtx1-worker/gpu0 vgg16_image 7g ready cpuAffinity=2,34 loadSec=1.796945637994213
13:15:28 rtx1-worker/gpu0 vit_base_image 7g ready cpuAffinity=2,34 loadSec=1.6021702300058678
13:15:50 done rtx1-worker/gpu0
